{
    "homo_sapiens illumina test_interop_bcl2fastqstats_flowcell - QC Error": {
        "content": [
            {
                "0": [
                    [
                        {
                            "id": "test_no_downgrade_errors"
                        },
                        "checkqc_report.json:md5,c0c5655b8f09d848de97f79073b2eae0"
                    ]
                ],
                "1": [
                    [
                        {
                            "id": "test_no_downgrade_errors"
                        },
                        "checkqc_log.txt:md5,687d57a112fda6f56755d45e5c9cd0be"
                    ]
                ],
                "2": [
                    "versions.yml:md5,7c921c68a4de1cc3345edb1fd88444d1"
                ],
                "log": [
                    [
                        {
                            "id": "test_no_downgrade_errors"
                        },
                        "checkqc_log.txt:md5,687d57a112fda6f56755d45e5c9cd0be"
                    ]
                ],
                "report": [
                    [
                        {
                            "id": "test_no_downgrade_errors"
                        },
                        "checkqc_report.json:md5,c0c5655b8f09d848de97f79073b2eae0"
                    ]
                ],
                "versions": [
                    "versions.yml:md5,7c921c68a4de1cc3345edb1fd88444d1"
                ]
            }
        ],
        "meta": {
            "nf-test": "0.9.0",
            "nextflow": "24.04.3"
        },
        "timestamp": "2024-07-26T16:12:27.425381414"
    },
    "homo_sapiens illumina test_miseq_noRunParameters - Log Error: no File": {
        "content": [
            {
                "0": [
                    [
                        {
                            "id": "test_no_xml"
                        },
                        "checkqc_report.json:md5,d41d8cd98f00b204e9800998ecf8427e"
                    ]
                ],
                "1": [
                    [
                        {
                            "id": "test_no_xml"
                        },
                        "checkqc_log.txt:md5,b63cf133c0110302ec57dc1ae25e2ef7"
                    ]
                ],
                "2": [
                    "versions.yml:md5,7c921c68a4de1cc3345edb1fd88444d1"
                ],
                "log": [
                    [
                        {
                            "id": "test_no_xml"
                        },
                        "checkqc_log.txt:md5,b63cf133c0110302ec57dc1ae25e2ef7"
                    ]
                ],
                "report": [
                    [
                        {
                            "id": "test_no_xml"
                        },
                        "checkqc_report.json:md5,d41d8cd98f00b204e9800998ecf8427e"
                    ]
                ],
                "versions": [
                    "versions.yml:md5,7c921c68a4de1cc3345edb1fd88444d1"
                ]
            }
        ],
        "meta": {
            "nf-test": "0.9.0",
            "nextflow": "24.04.3"
        },
        "timestamp": "2024-07-26T16:11:59.031624784"
    },
    "homo_sapiens illumina test_interop_bcl2fastqstats_flowcell - QC OK": {
        "content": [
            {
                "0": [
                    [
                        {
                            "id": "test"
                        },
                        "checkqc_report.json:md5,7e3ac9ce7163436cbd5f5420ca08ffcd"
                    ]
                ],
                "1": [
                    [
                        {
                            "id": "test"
                        },
                        "checkqc_log.txt:md5,3e196f53b93d614580436bc574daea45"
                    ]
                ],
                "2": [
                    "versions.yml:md5,7c921c68a4de1cc3345edb1fd88444d1"
                ],
                "log": [
                    [
                        {
                            "id": "test"
                        },
                        "checkqc_log.txt:md5,3e196f53b93d614580436bc574daea45"
                    ]
                ],
                "report": [
                    [
                        {
                            "id": "test"
                        },
                        "checkqc_report.json:md5,7e3ac9ce7163436cbd5f5420ca08ffcd"
                    ]
                ],
                "versions": [
                    "versions.yml:md5,7c921c68a4de1cc3345edb1fd88444d1"
                ]
            }
        ],
        "meta": {
            "nf-test": "0.9.0",
            "nextflow": "24.04.3"
        },
        "timestamp": "2024-07-26T16:11:32.798413187"
    }
}